BL51 BANKED LINKER/LOCATER V6.22                                                        07/01/2020  19:54:16  PAGE 1


BL51 BANKED LINKER/LOCATER V6.22, INVOKED BY:
D:\KELI.C51\C51\BIN\BL51.EXE .\Objects\test.obj TO .\Objects\test PRINT (.\Listings\test.m51)


MEMORY MODEL: SMALL


INPUT MODULES INCLUDED:
  .\Objects\test.obj (TEST)
  D:\KELI.C51\C51\LIB\C51S.LIB (?C_STARTUP)


LINK MAP OF MODULE:  .\Objects\test (TEST)


            TYPE    BASE      LENGTH    RELOCATION   SEGMENT NAME
            -----------------------------------------------------

            * * * * * * *   D A T A   M E M O R Y   * * * * * * *
            REG     0000H     0008H     ABSOLUTE     "REG BANK 0"
            IDATA   0008H     0001H     UNIT         ?STACK

            * * * * * * *   C O D E   M E M O R Y   * * * * * * *
            CODE    0000H     0003H     ABSOLUTE     
            CODE    0003H     003EH     UNIT         ?PR?MAIN?TEST
            CODE    0041H     0020H     UNIT         ?PR?_DELAY?TEST
            CODE    0061H     000CH     UNIT         ?C_C51STARTUP



OVERLAY MAP OF MODULE:   .\Objects\test (TEST)


SEGMENT
  +--> CALLED SEGMENT
---------------------
?C_C51STARTUP
  +--> ?PR?MAIN?TEST

?PR?MAIN?TEST
  +--> ?PR?_DELAY?TEST



SYMBOL TABLE OF MODULE:  .\Objects\test (TEST)

  VALUE           TYPE          NAME
  ----------------------------------

  -------         MODULE        TEST
  C:0000H         SYMBOL        _ICE_DUMMY_
  D:0090H         PUBLIC        P1
  D:00A0H         PUBLIC        P2
  C:0041H         PUBLIC        _delay
  B:0090H.0       PUBLIC        sw1
  B:0090H.7       PUBLIC        sw2
  B:00A0H.0       PUBLIC        l1
  B:00A0H.6       PUBLIC        l2
BL51 BANKED LINKER/LOCATER V6.22                                                      07/01/2020  19:54:16  PAGE 2


  C:0003H         PUBLIC        main
  -------         PROC          _DELAY
  D:0006H         SYMBOL        n
  -------         DO            
  D:0004H         SYMBOL        i
  D:0002H         SYMBOL        j
  -------         ENDDO         
  C:0041H         LINE#         6
  C:0041H         LINE#         7
  C:0041H         LINE#         9
  C:0044H         LINE#         11
  C:004BH         LINE#         12
  C:004BH         LINE#         13
  C:0059H         LINE#         14
  C:0060H         LINE#         15
  -------         ENDPROC       _DELAY
  -------         PROC          MAIN
  C:0003H         LINE#         27
  C:0003H         LINE#         28
  C:0003H         LINE#         30
  C:000CH         LINE#         32
  C:0026H         LINE#         34
  C:0040H         LINE#         37
  -------         ENDPROC       MAIN
  -------         ENDMOD        TEST

Program Size: data=9.0 xdata=0 code=109
LINK/LOCATE RUN COMPLETE.  0 WARNING(S),  0 ERROR(S)
